// Jest Snapshot v1, https://goo.gl/fbAQLP

exports[`App Should render properly 1`] = `
<div
  className="sc-bdfBwQ iWkkKT appLayout"
/>
`;
